// Jest Snapshot v1, https://goo.gl/fbAQLP

exports[`icon 是个 svg 1`] = `
<svg
  className="xui-icon"
>
  <use
    xlinkHref="#alipay"
  />
</svg>
`;
